Downloading Chrome for Testing 147.0.7727.15 (playwright chromium v1217) from https://cdn.playwright.dev/builds/cft/147.0.7727.15/mac-arm64/chrome-mac-arm64.zip
|                                                                                |   0% of 165.5 MiB
|■■■■■■■■                                                                        |  10% of 165.5 MiB
|■■■■■■■■■■■■■■■■                                                                |  20% of 165.5 MiB
|■■■■■■■■■■■■■■■■■■■■■■■■                                                        |  30% of 165.5 MiB
|■■■■■■■■■■■■■■■■■■■■■■■■■■■■■■■■                                                |  40% of 165.5 MiB
|■■■■■■■■■■■■■■■■■■■■■■■■■■■■■■■■■■■■■■■■                                        |  50% of 165.5 MiB
|■■■■■■■■■■■■■■■■■■■■■■■■■■■■■■■■■■■■■■■■■■■■■■■■                                |  60% of 165.5 MiB
|■■■■■■■■■■■■■■■■■■■■■■■■■■■■■■■■■■■■■■■■■■■■■■■■■■■■■■■■                        |  70% of 165.5 MiB
|■■■■■■■■■■■■■■■■■■■■■■■■■■■■■■■■■■■■■■■■■■■■■■■■■■■■■■■■■■■■■■■■                |  80% of 165.5 MiB
|■■■■■■■■■■■■■■■■■■■■■■■■■■■■■■■■■■■■■■■■■■■■■■■■■■■■■■■■■■■■■■■■■■■■■■■■        |  90% of 165.5 MiB
|■■■■■■■■■■■■■■■■■■■■■■■■■■■■■■■■■■■■■■■■■■■■■■■■■■■■■■■■■■■■■■■■■■■■■■■■■■■■■■■■| 100% of 165.5 MiB
Chrome for Testing 147.0.7727.15 (playwright chromium v1217) downloaded to ~/Projects/trash/.eval-cache/actual-playwright/chromium-1217
Downloading FFmpeg (playwright ffmpeg v1011) from https://cdn.playwright.dev/dbazure/download/playwright/builds/ffmpeg/1011/ffmpeg-mac-arm64.zip
|                                                                                |   1% of 1 MiB
|■■■■■■■■                                                                        |  10% of 1 MiB
|■■■■■■■■■■■■■■■■                                                                |  20% of 1 MiB
|■■■■■■■■■■■■■■■■■■■■■■■■                                                        |  31% of 1 MiB
|■■■■■■■■■■■■■■■■■■■■■■■■■■■■■■■■                                                |  40% of 1 MiB
|■■■■■■■■■■■■■■■■■■■■■■■■■■■■■■■■■■■■■■■■                                        |  50% of 1 MiB
|■■■■■■■■■■■■■■■■■■■■■■■■■■■■■■■■■■■■■■■■■■■■■■■■                                |  60% of 1 MiB
|■■■■■■■■■■■■■■■■■■■■■■■■■■■■■■■■■■■■■■■■■■■■■■■■■■■■■■■■                        |  71% of 1 MiB
|■■■■■■■■■■■■■■■■■■■■■■■■■■■■■■■■■■■■■■■■■■■■■■■■■■■■■■■■■■■■■■■■                |  80% of 1 MiB
|■■■■■■■■■■■■■■■■■■■■■■■■■■■■■■■■■■■■■■■■■■■■■■■■■■■■■■■■■■■■■■■■■■■■■■■■        |  90% of 1 MiB
|■■■■■■■■■■■■■■■■■■■■■■■■■■■■■■■■■■■■■■■■■■■■■■■■■■■■■■■■■■■■■■■■■■■■■■■■■■■■■■■■| 100% of 1 MiB
FFmpeg (playwright ffmpeg v1011) downloaded to ~/Projects/trash/.eval-cache/actual-playwright/ffmpeg-1011
Downloading Chrome Headless Shell 147.0.7727.15 (playwright chromium-headless-shell v1217) from https://cdn.playwright.dev/builds/cft/147.0.7727.15/mac-arm64/chrome-headless-shell-mac-arm64.zip
|                                                                                |   0% of 92 MiB
|■■■■■■■■                                                                        |  10% of 92 MiB
|■■■■■■■■■■■■■■■■                                                                |  20% of 92 MiB
|■■■■■■■■■■■■■■■■■■■■■■■■                                                        |  30% of 92 MiB
|■■■■■■■■■■■■■■■■■■■■■■■■■■■■■■■■                                                |  40% of 92 MiB
|■■■■■■■■■■■■■■■■■■■■■■■■■■■■■■■■■■■■■■■■                                        |  50% of 92 MiB
|■■■■■■■■■■■■■■■■■■■■■■■■■■■■■■■■■■■■■■■■■■■■■■■■                                |  60% of 92 MiB
|■■■■■■■■■■■■■■■■■■■■■■■■■■■■■■■■■■■■■■■■■■■■■■■■■■■■■■■■                        |  70% of 92 MiB
|■■■■■■■■■■■■■■■■■■■■■■■■■■■■■■■■■■■■■■■■■■■■■■■■■■■■■■■■■■■■■■■■                |  80% of 92 MiB
|■■■■■■■■■■■■■■■■■■■■■■■■■■■■■■■■■■■■■■■■■■■■■■■■■■■■■■■■■■■■■■■■■■■■■■■■        |  90% of 92 MiB
|■■■■■■■■■■■■■■■■■■■■■■■■■■■■■■■■■■■■■■■■■■■■■■■■■■■■■■■■■■■■■■■■■■■■■■■■■■■■■■■■| 100% of 92 MiB
Chrome Headless Shell 147.0.7727.15 (playwright chromium-headless-shell v1217) downloaded to ~/Projects/trash/.eval-cache/actual-playwright/chromium_headless_shell-1217
